---
source: crates/parser/src/tests/grammar.rs
description: "_: Int = 0; mut x: Int = 1;"
expression: parse(input)
---
Output {
    steps: [
        Enter(SourceFile),
        Enter(ModuleInner),
        Enter(BindingItem),
        Enter(WildcardPat),
        Underscore(1),
        Exit,
        Colon(1),
        Enter(PathType),
        Enter(Path),
        Enter(PathSegment),
        Ident(1),
        Exit,
        Exit,
        Exit,
        Eq(1),
        Enter(LiteralExpr),
        Int(1),
        Exit,
        Semi(1),
        Exit,
        Enter(BindingItem),
        Enter(IdentPat),
        KwMut(1),
        Ident(1),
        Exit,
        Colon(1),
        Enter(PathType),
        Enter(Path),
        Enter(PathSegment),
        Ident(1),
        Exit,
        Exit,
        Exit,
        Eq(1),
        Enter(LiteralExpr),
        Int(1),
        Exit,
        Semi(1),
        Exit,
        Exit,
        Exit,
    ],
    errors: [],
}
