---
source: crates/parser/src/tests/grammar.rs
assertion_line: 67
description: "x: = -foo.bar(1)[i]++ as Int;"
expression: parse(input)
---
Output {
    steps: [
        Enter(SourceFile),
        Enter(ModuleInner),
        Enter(BindingItem),
        Enter(Binding),
        Enter(IdentPat),
        Ident(1),
        Exit,
        Colon(1),
        Eq(1),
        Enter(PrefixExpr),
        Minus(1),
        Enter(CastExpr),
        Enter(PostfixExpr),
        Enter(IndexExpr),
        Enter(MethodCallExpr),
        Enter(PathExpr),
        Enter(Path),
        Enter(PathSegment),
        Ident(1),
        Exit,
        Exit,
        Exit,
        Dot(1),
        Enter(Path),
        Enter(PathSegment),
        Ident(1),
        Exit,
        Exit,
        Enter(ArgList),
        OpenParen(1),
        Enter(LiteralExpr),
        Int(1),
        Exit,
        CloseParen(1),
        Exit,
        Exit,
        Enter(IndexArg),
        OpenBrack(1),
        Enter(PathExpr),
        Enter(Path),
        Enter(PathSegment),
        Ident(1),
        Exit,
        Exit,
        Exit,
        CloseBrack(1),
        Exit,
        Exit,
        PlusPlus(2),
        Exit,
        KwAs(1),
        Enter(PathType),
        Enter(Path),
        Enter(PathSegment),
        Ident(1),
        Exit,
        Exit,
        Exit,
        Exit,
        Exit,
        Exit,
        Semi(1),
        Exit,
        Exit,
        Exit,
    ],
    errors: [],
}
