---
source: crates/parser/src/tests/grammar.rs
description: "x: = a == b < c != d;"
expression: parse(input)
---
Output {
    steps: [
        Enter(SourceFile),
        Enter(ModuleInner),
        Enter(BindingItem),
        Enter(IdentPat),
        Ident(1),
        Exit,
        Colon(1),
        Eq(1),
        Enter(ChainExpr),
        Enter(PathExpr),
        Enter(Path),
        Enter(PathSegment),
        Ident(1),
        Exit,
        Exit,
        Exit,
        EqEq(2),
        Enter(PathExpr),
        Enter(Path),
        Enter(PathSegment),
        Ident(1),
        Exit,
        Exit,
        Exit,
        Lt(1),
        Enter(PathExpr),
        Enter(Path),
        Enter(PathSegment),
        Ident(1),
        Exit,
        Exit,
        Exit,
        BangEq(2),
        Enter(PathExpr),
        Enter(Path),
        Enter(PathSegment),
        Ident(1),
        Exit,
        Exit,
        Exit,
        Exit,
        Semi(1),
        Exit,
        Exit,
        Exit,
    ],
    errors: [],
}
