---
source: crates/parser/src/tests/grammar.rs
description: "foo: mod = { #![inner]; bar: mod; };"
expression: parse(input)
---
Output {
    steps: [
        Enter(SourceFile),
        Enter(ModuleInner),
        Enter(ModuleItem),
        Enter(Name),
        Ident(1),
        Exit,
        Colon(1),
        KwMod(1),
        Eq(1),
        Enter(Module),
        OpenBrace(1),
        Enter(ModuleInner),
        Exit,
        Error(0),
        Exit,
        Error(1),
        Exit,
        Exit,
        Exit,
    ],
    errors: [
        Expected {
            expected: CloseBrace,
            actual: Eof,
        },
        Expected {
            expected: Semi,
            actual: Eof,
        },
    ],
}
