---
source: crates/parser/src/tests/grammar.rs
description: "{ let (x, mut y) = (1, 2); }"
expression: parse_expr(input)
---
Output {
    steps: [
        Enter(BlockExpr),
        OpenBrace(1),
        Enter(LetStmt),
        KwLet(1),
        Enter(TuplePat),
        OpenParen(1),
        Enter(PatField),
        Enter(IdentPat),
        Enter(Name),
        Ident(1),
        Exit,
        Exit,
        Exit,
        Comma(1),
        Enter(PatField),
        Enter(IdentPat),
        KwMut(1),
        Enter(Name),
        Ident(1),
        Exit,
        Exit,
        Exit,
        CloseParen(1),
        Exit,
        Eq(1),
        Enter(TupleExpr),
        OpenParen(1),
        Enter(ExprField),
        Enter(LiteralExpr),
        Int(1),
        Exit,
        Exit,
        Comma(1),
        Enter(ExprField),
        Enter(LiteralExpr),
        Int(1),
        Exit,
        Exit,
        CloseParen(1),
        Exit,
        Semi(1),
        Exit,
        CloseBrace(1),
        Exit,
    ],
    errors: [],
}
