---
source: crates/parser/src/tests/grammar.rs
description: "{ x := ; }"
expression: parse_expr(input)
---
Output {
    steps: [
        Enter(BlockExpr),
        OpenBrace(1),
        Enter(ShortLetStmt),
        Enter(Name),
        Ident(1),
        Exit,
        ColonEq(2),
        Enter(ErrorExpr),
        Error(0),
        Exit,
        Semi(1),
        Exit,
        CloseBrace(1),
        Exit,
    ],
    errors: [
        Expected {
            expected: Ident,
            actual: Semi,
        },
    ],
}
