---
source: crates/parser/src/tests/grammar.rs
description: "Point: type = ;"
expression: parse(input)
---
Output {
    steps: [
        Enter(SourceFile),
        Enter(ModuleInner),
        Enter(TypeItem),
        Ident(1),
        Colon(1),
        Enter(TypeKind),
        KwType(1),
        Exit,
        Eq(1),
        Enter(ErrorType),
        Error(0),
        Exit,
        Semi(1),
        Exit,
        Exit,
        Exit,
    ],
    errors: [
        Expected {
            expected: Ident,
            actual: Semi,
        },
    ],
}
