---
source: crates/parser/src/tests/grammar.rs
description: "#[entry] pub app: fn(input: Int) -> Int = { #[cold] run; }; Point: type = { #[x] pub x: Int, pri y: Int };"
expression: parse(input)
---
Output {
    steps: [
        Enter(SourceFile),
        Enter(ModuleInner),
        Enter(FunctionItem),
        Enter(Attr),
        Hash(1),
        OpenBrack(1),
        Enter(AttrInner),
        Enter(Path),
        Enter(PathSegment),
        Ident(1),
        Exit,
        Exit,
        Exit,
        CloseBrack(1),
        Exit,
        Enter(Visibility),
        KwPub(1),
        Exit,
        Ident(1),
        Colon(1),
        KwFn(1),
        Enter(ParameterList),
        OpenParen(1),
        Enter(Parameter),
        Enter(IdentPat),
        Ident(1),
        Exit,
        Colon(1),
        Enter(PathType),
        Enter(Path),
        Enter(PathSegment),
        Ident(1),
        Exit,
        Exit,
        Exit,
        Exit,
        CloseParen(1),
        Exit,
        ThinArrow(2),
        Enter(PathType),
        Enter(Path),
        Enter(PathSegment),
        Ident(1),
        Exit,
        Exit,
        Exit,
        Eq(1),
        Enter(BlockExpr),
        OpenBrace(1),
        Enter(ExprStmt),
        Enter(Attr),
        Hash(1),
        OpenBrack(1),
        Enter(AttrInner),
        Enter(Path),
        Enter(PathSegment),
        Ident(1),
        Exit,
        Exit,
        Exit,
        CloseBrack(1),
        Exit,
        Enter(PathExpr),
        Enter(Path),
        Enter(PathSegment),
        Ident(1),
        Exit,
        Exit,
        Exit,
        Semi(1),
        Exit,
        CloseBrace(1),
        Exit,
        Semi(1),
        Exit,
        Enter(TypeItem),
        Ident(1),
        Colon(1),
        Enter(TypeKind),
        KwType(1),
        Exit,
        Eq(1),
        Enter(StructType),
        OpenBrace(1),
        Enter(StructField),
        Enter(Attr),
        Hash(1),
        OpenBrack(1),
        Enter(AttrInner),
        Enter(Path),
        Enter(PathSegment),
        Ident(1),
        Exit,
        Exit,
        Exit,
        CloseBrack(1),
        Exit,
        Enter(Visibility),
        KwPub(1),
        Exit,
        Enter(FieldName),
        Ident(1),
        Exit,
        Colon(1),
        Enter(PathType),
        Enter(Path),
        Enter(PathSegment),
        Ident(1),
        Exit,
        Exit,
        Exit,
        Exit,
        Comma(1),
        Enter(StructField),
        Enter(Visibility),
        KwPri(1),
        Exit,
        Enter(FieldName),
        Ident(1),
        Exit,
        Colon(1),
        Enter(PathType),
        Enter(Path),
        Enter(PathSegment),
        Ident(1),
        Exit,
        Exit,
        Exit,
        Exit,
        CloseBrace(1),
        Exit,
        Semi(1),
        Exit,
        Exit,
        Exit,
    ],
    errors: [],
}
