---
source: crates/parser/src/tests/grammar.rs
description: "x: = { return a; break 'done b; cont c; };"
expression: parse(input)
---
Output {
    steps: [
        Enter(SourceFile),
        Enter(ModuleInner),
        Enter(BindingItem),
        Enter(Binding),
        Enter(IdentPat),
        Ident(1),
        Exit,
        Colon(1),
        Eq(1),
        Enter(BlockExpr),
        OpenBrace(1),
        Enter(ExprStmt),
        Enter(ReturnExpr),
        KwReturn(1),
        Enter(PathExpr),
        Enter(Path),
        Enter(PathSegment),
        Ident(1),
        Exit,
        Exit,
        Exit,
        Exit,
        Semi(1),
        Exit,
        Enter(ExprStmt),
        Enter(BreakExpr),
        KwBreak(1),
        Label(1),
        Enter(PathExpr),
        Enter(Path),
        Enter(PathSegment),
        Ident(1),
        Exit,
        Exit,
        Exit,
        Exit,
        Semi(1),
        Exit,
        Enter(ExprStmt),
        Enter(ContinueExpr),
        KwCont(1),
        Enter(PathExpr),
        Enter(Path),
        Enter(PathSegment),
        Ident(1),
        Exit,
        Exit,
        Exit,
        Exit,
        Semi(1),
        Exit,
        CloseBrace(1),
        Exit,
        Exit,
        Semi(1),
        Exit,
        Exit,
        Exit,
    ],
    errors: [],
}
