---
source: crates/parser/src/tests/grammar.rs
description: "Point: type = { x: Int, y: Int };"
expression: parse(input)
---
Output {
    steps: [
        Enter(SourceFile),
        Enter(ModuleInner),
        Enter(TypeItem),
        Ident(1),
        Colon(1),
        Enter(TypeKind),
        KwType(1),
        Exit,
        Eq(1),
        Enter(StructType),
        OpenBrace(1),
        Enter(StructField),
        Enter(FieldName),
        Ident(1),
        Exit,
        Colon(1),
        Enter(PathType),
        Enter(Path),
        Enter(PathSegment),
        Ident(1),
        Exit,
        Exit,
        Exit,
        Exit,
        Comma(1),
        Enter(StructField),
        Enter(FieldName),
        Ident(1),
        Exit,
        Colon(1),
        Enter(PathType),
        Enter(Path),
        Enter(PathSegment),
        Ident(1),
        Exit,
        Exit,
        Exit,
        Exit,
        CloseBrace(1),
        Exit,
        Semi(1),
        Exit,
        Exit,
        Exit,
    ],
    errors: [],
}
