---
source: crates/parser/src/tests/grammar.rs
description: "foo: mod = { x: Int = 42; add: fn(a: Int) -> Int = a; Point: type = { x: Int }; bar: mod; };"
expression: parse(input)
---
Output {
    steps: [
        Enter(SourceFile),
        Enter(ModuleInner),
        Enter(ModuleItem),
        Ident(1),
        Colon(1),
        KwMod(1),
        Eq(1),
        OpenBrace(1),
        Enter(ModuleInner),
        Enter(BindingItem),
        Enter(Binding),
        Enter(IdentPat),
        Ident(1),
        Exit,
        Colon(1),
        Enter(PathType),
        Enter(Path),
        Enter(PathSegment),
        Ident(1),
        Exit,
        Exit,
        Exit,
        Eq(1),
        Enter(LiteralExpr),
        Int(1),
        Exit,
        Exit,
        Semi(1),
        Exit,
        Enter(FunctionItem),
        Ident(1),
        Colon(1),
        KwFn(1),
        Enter(ParameterList),
        OpenParen(1),
        Enter(Parameter),
        Enter(IdentPat),
        Ident(1),
        Exit,
        Colon(1),
        Enter(PathType),
        Enter(Path),
        Enter(PathSegment),
        Ident(1),
        Exit,
        Exit,
        Exit,
        Exit,
        CloseParen(1),
        Exit,
        ThinArrow(2),
        Enter(PathType),
        Enter(Path),
        Enter(PathSegment),
        Ident(1),
        Exit,
        Exit,
        Exit,
        Eq(1),
        Enter(PathExpr),
        Enter(Path),
        Enter(PathSegment),
        Ident(1),
        Exit,
        Exit,
        Exit,
        Semi(1),
        Exit,
        Enter(TypeItem),
        Ident(1),
        Colon(1),
        Enter(TypeKind),
        KwType(1),
        Exit,
        Eq(1),
        Enter(StructType),
        OpenBrace(1),
        Enter(StructField),
        Enter(FieldName),
        Ident(1),
        Exit,
        Colon(1),
        Enter(PathType),
        Enter(Path),
        Enter(PathSegment),
        Ident(1),
        Exit,
        Exit,
        Exit,
        Exit,
        CloseBrace(1),
        Exit,
        Semi(1),
        Exit,
        Enter(ModuleItem),
        Ident(1),
        Colon(1),
        KwMod(1),
        Semi(1),
        Exit,
        Exit,
        CloseBrace(1),
        Semi(1),
        Exit,
        Exit,
        Exit,
    ],
    errors: [],
}
