---
source: crates/parser/src/tests/grammar.rs
description: "using foo::bar::*; using unit::bar;"
expression: parse(input)
---
Output {
    steps: [
        Enter(SourceFile),
        Enter(ModuleInner),
        Enter(UsingItem),
        KwUsing(1),
        Enter(UsingUnitName),
        Enter(Name),
        Ident(1),
        Exit,
        Exit,
        ColonColon(2),
        Enter(UsingTree),
        Enter(Name),
        Ident(1),
        Exit,
        ColonColon(2),
        Enter(UsingTree),
        Error(0),
        Star(1),
        Exit,
        Exit,
        Semi(1),
        Exit,
        Enter(UsingItem),
        KwUsing(1),
        Enter(UsingUnitName),
        KwUnit(1),
        Exit,
        ColonColon(2),
        Enter(UsingTree),
        Enter(Name),
        Ident(1),
        Exit,
        Exit,
        Semi(1),
        Exit,
        Exit,
        Exit,
    ],
    errors: [
        Expected {
            expected: Underscore,
            actual: Star,
        },
    ],
}
